running egg_info
creating ../../build/rover_core/rover_core.egg-info
writing ../../build/rover_core/rover_core.egg-info/PKG-INFO
writing dependency_links to ../../build/rover_core/rover_core.egg-info/dependency_links.txt
writing entry points to ../../build/rover_core/rover_core.egg-info/entry_points.txt
writing requirements to ../../build/rover_core/rover_core.egg-info/requires.txt
writing top-level names to ../../build/rover_core/rover_core.egg-info/top_level.txt
writing manifest file '../../build/rover_core/rover_core.egg-info/SOURCES.txt'
reading manifest file '../../build/rover_core/rover_core.egg-info/SOURCES.txt'
writing manifest file '../../build/rover_core/rover_core.egg-info/SOURCES.txt'
running build
running build_py
creating /home/richi/proyecto-tesis/rover_ws/build/rover_core/build
creating /home/richi/proyecto-tesis/rover_ws/build/rover_core/build/lib
creating /home/richi/proyecto-tesis/rover_ws/build/rover_core/build/lib/rover_core
copying rover_core/vision_node.py -> /home/richi/proyecto-tesis/rover_ws/build/rover_core/build/lib/rover_core
copying rover_core/__init__.py -> /home/richi/proyecto-tesis/rover_ws/build/rover_core/build/lib/rover_core
copying rover_core/serial_bridge.py -> /home/richi/proyecto-tesis/rover_ws/build/rover_core/build/lib/rover_core
running install
running install_lib
creating /home/richi/proyecto-tesis/rover_ws/install/rover_core/lib/python3.10/site-packages/rover_core
copying /home/richi/proyecto-tesis/rover_ws/build/rover_core/build/lib/rover_core/vision_node.py -> /home/richi/proyecto-tesis/rover_ws/install/rover_core/lib/python3.10/site-packages/rover_core
copying /home/richi/proyecto-tesis/rover_ws/build/rover_core/build/lib/rover_core/__init__.py -> /home/richi/proyecto-tesis/rover_ws/install/rover_core/lib/python3.10/site-packages/rover_core
copying /home/richi/proyecto-tesis/rover_ws/build/rover_core/build/lib/rover_core/serial_bridge.py -> /home/richi/proyecto-tesis/rover_ws/install/rover_core/lib/python3.10/site-packages/rover_core
byte-compiling /home/richi/proyecto-tesis/rover_ws/install/rover_core/lib/python3.10/site-packages/rover_core/vision_node.py to vision_node.cpython-310.pyc
byte-compiling /home/richi/proyecto-tesis/rover_ws/install/rover_core/lib/python3.10/site-packages/rover_core/__init__.py to __init__.cpython-310.pyc
byte-compiling /home/richi/proyecto-tesis/rover_ws/install/rover_core/lib/python3.10/site-packages/rover_core/serial_bridge.py to serial_bridge.cpython-310.pyc
running install_data
creating /home/richi/proyecto-tesis/rover_ws/install/rover_core/share/ament_index
creating /home/richi/proyecto-tesis/rover_ws/install/rover_core/share/ament_index/resource_index
creating /home/richi/proyecto-tesis/rover_ws/install/rover_core/share/ament_index/resource_index/packages
copying resource/rover_core -> /home/richi/proyecto-tesis/rover_ws/install/rover_core/share/ament_index/resource_index/packages
copying package.xml -> /home/richi/proyecto-tesis/rover_ws/install/rover_core/share/rover_core
running install_egg_info
Copying ../../build/rover_core/rover_core.egg-info to /home/richi/proyecto-tesis/rover_ws/install/rover_core/lib/python3.10/site-packages/rover_core-0.0.0-py3.10.egg-info
running install_scripts
writing list of installed files to '/home/richi/proyecto-tesis/rover_ws/build/rover_core/install.log'
