running egg_info
writing ../../build/rover_core/rover_core.egg-info/PKG-INFO
writing dependency_links to ../../build/rover_core/rover_core.egg-info/dependency_links.txt
writing entry points to ../../build/rover_core/rover_core.egg-info/entry_points.txt
writing requirements to ../../build/rover_core/rover_core.egg-info/requires.txt
writing top-level names to ../../build/rover_core/rover_core.egg-info/top_level.txt
reading manifest file '../../build/rover_core/rover_core.egg-info/SOURCES.txt'
writing manifest file '../../build/rover_core/rover_core.egg-info/SOURCES.txt'
running build
running build_py
copying rover_core/serial_bridge.py -> /home/richi/proyecto-tesis/rover_ws/build/rover_core/build/lib/rover_core
running install
running install_lib
copying /home/richi/proyecto-tesis/rover_ws/build/rover_core/build/lib/rover_core/serial_bridge.py -> /home/richi/proyecto-tesis/rover_ws/install/rover_core/lib/python3.10/site-packages/rover_core
byte-compiling /home/richi/proyecto-tesis/rover_ws/install/rover_core/lib/python3.10/site-packages/rover_core/serial_bridge.py to serial_bridge.cpython-310.pyc
running install_data
creating /home/richi/proyecto-tesis/rover_ws/install/rover_core/share/rover_core/launch
copying launch/bringup.launch.py -> /home/richi/proyecto-tesis/rover_ws/install/rover_core/share/rover_core/launch
creating /home/richi/proyecto-tesis/rover_ws/install/rover_core/share/rover_core/config
copying config/nav2_params.yaml -> /home/richi/proyecto-tesis/rover_ws/install/rover_core/share/rover_core/config
running install_egg_info
removing '/home/richi/proyecto-tesis/rover_ws/install/rover_core/lib/python3.10/site-packages/rover_core-0.0.0-py3.10.egg-info' (and everything under it)
Copying ../../build/rover_core/rover_core.egg-info to /home/richi/proyecto-tesis/rover_ws/install/rover_core/lib/python3.10/site-packages/rover_core-0.0.0-py3.10.egg-info
running install_scripts
Installing serial_bridge script to /home/richi/proyecto-tesis/rover_ws/install/rover_core/lib/rover_core
writing list of installed files to '/home/richi/proyecto-tesis/rover_ws/build/rover_core/install.log'
